// Vitest Snapshot v1, https://vitest.dev/guide/snapshot.html

exports[`can make a page 1`] = `
<html
  data-site-id="124246796763"
>
  <head>
    <title>
      sample internal
    </title>
  </head>
  <main />
</html>
`;
