// Vitest Snapshot v1, https://vitest.dev/guide/snapshot.html

exports[`can make a section tag 1`] = `<section />`;
