// Vitest Snapshot v1, https://vitest.dev/guide/snapshot.html

exports[`can make a head tag 1`] = `<head />`;
