// Vitest Snapshot v1, https://vitest.dev/guide/snapshot.html

exports[`can make a header tag 1`] = `<header />`;
