// Vitest Snapshot v1, https://vitest.dev/guide/snapshot.html

exports[`can make a main tag 1`] = `
{
  "children": [],
  "props": {},
}
`;
