// Vitest Snapshot v1, https://vitest.dev/guide/snapshot.html

exports[`can make a p tag 1`] = `
<p>
  lorem ipsum
</p>
`;
